<?xml version="1.0" encoding="utf-8"?>
<TestRun id="ff818769-9d23-4e99-aed6-0c794f11120f" name="Lenovo@DESKTOP-E105SJN 2025-08-05 23:09:00" runUser="DESKTOP-E105SJN\Lenovo" xmlns="http://microsoft.com/schemas/VisualStudio/TeamTest/2010">
  <Times creation="2025-08-05T23:09:01.0042390-06:00" queuing="2025-08-05T23:09:01.0042393-06:00" start="2025-08-05T23:08:56.3295335-06:00" finish="2025-08-05T23:09:03.8980919-06:00" />
  <TestSettings name="default" id="42c4e73a-fccd-4691-b70a-756ae0611748">
    <Deployment runDeploymentRoot="Lenovo_DESKTOP-E105SJN_2025-08-05_23_09_00" />
  </TestSettings>
  <Results>
    <UnitTestResult executionId="65b08ebb-3871-418c-bb87-c2a4bfacbcdd" testId="fe72bc9c-3450-1875-1d56-dd6a1332aa27" testName="PlataformaEscolar.Tests.GradosGruposClasesHorariosTests.ObtenerClasesHorarios_ReturnsOk" computerName="DESKTOP-E105SJN" duration="00:00:01.2181240" startTime="2025-08-05T23:09:01.6448010-06:00" endTime="2025-08-05T23:09:01.6448013-06:00" testType="13cdc9d9-ddb5-4fa4-a97d-d965ccfc6d4b" outcome="Passed" testListId="8c84fa94-04c1-424b-9868-57a2d4851a1d" relativeResultsDirectory="65b08ebb-3871-418c-bb87-c2a4bfacbcdd" />
    <UnitTestResult executionId="413e3849-8b7f-4d2c-879a-3e1ff2920a41" testId="dc644c4a-3b58-14ac-102c-934031a8cf18" testName="PlataformaEscolar.Tests.GradosGruposClasesHorariosTests.CrearClaseHorario_ReturnsOk" computerName="DESKTOP-E105SJN" duration="00:00:01.0656770" startTime="2025-08-05T23:09:03.8070911-06:00" endTime="2025-08-05T23:09:03.8070914-06:00" testType="13cdc9d9-ddb5-4fa4-a97d-d965ccfc6d4b" outcome="Passed" testListId="8c84fa94-04c1-424b-9868-57a2d4851a1d" relativeResultsDirectory="413e3849-8b7f-4d2c-879a-3e1ff2920a41" />
    <UnitTestResult executionId="f72702ab-8e45-4840-a0dc-27656dea3b8d" testId="4cc28d1d-fc94-d285-f60d-44d21cc28065" testName="PlataformaEscolar.Tests.GradosGruposClasesHorariosTests.CrearGradoGrupo_ReturnsOk" computerName="DESKTOP-E105SJN" duration="00:00:01.5054117" startTime="2025-08-05T23:09:00.4245526-06:00" endTime="2025-08-05T23:09:00.4245769-06:00" testType="13cdc9d9-ddb5-4fa4-a97d-d965ccfc6d4b" outcome="Passed" testListId="8c84fa94-04c1-424b-9868-57a2d4851a1d" relativeResultsDirectory="f72702ab-8e45-4840-a0dc-27656dea3b8d" />
    <UnitTestResult executionId="181394fb-195a-41e4-a9bc-276a5e54c03d" testId="683bb4c8-f673-c99c-e3fd-94f1a3bbd267" testName="PlataformaEscolar.Tests.GradosGruposClasesHorariosTests.ObtenerGradosGrupos_ReturnsOk" computerName="DESKTOP-E105SJN" duration="00:00:01.0963501" startTime="2025-08-05T23:09:02.7412390-06:00" endTime="2025-08-05T23:09:02.7412393-06:00" testType="13cdc9d9-ddb5-4fa4-a97d-d965ccfc6d4b" outcome="Passed" testListId="8c84fa94-04c1-424b-9868-57a2d4851a1d" relativeResultsDirectory="181394fb-195a-41e4-a9bc-276a5e54c03d" />
  </Results>
  <TestDefinitions>
    <UnitTest name="PlataformaEscolar.Tests.GradosGruposClasesHorariosTests.ObtenerGradosGrupos_ReturnsOk" storage="c:\users\lenovo\escolarwebapi\topicoscalidad\casoprueba-gradosgrupos-claseshorarios\bin\debug\net8.0\gradosgruposclaseshorariostests.dll" id="683bb4c8-f673-c99c-e3fd-94f1a3bbd267">
      <Execution id="181394fb-195a-41e4-a9bc-276a5e54c03d" />
      <TestMethod codeBase="C:\Users\Lenovo\EscolarWebApi\TopicosCalidad\CasoPrueba-GradosGrupos-ClasesHorarios\bin\Debug\net8.0\GradosGruposClasesHorariosTests.dll" adapterTypeName="executor://xunit/VsTestRunner2/netcoreapp" className="PlataformaEscolar.Tests.GradosGruposClasesHorariosTests" name="ObtenerGradosGrupos_ReturnsOk" />
    </UnitTest>
    <UnitTest name="PlataformaEscolar.Tests.GradosGruposClasesHorariosTests.CrearGradoGrupo_ReturnsOk" storage="c:\users\lenovo\escolarwebapi\topicoscalidad\casoprueba-gradosgrupos-claseshorarios\bin\debug\net8.0\gradosgruposclaseshorariostests.dll" id="4cc28d1d-fc94-d285-f60d-44d21cc28065">
      <Execution id="f72702ab-8e45-4840-a0dc-27656dea3b8d" />
      <TestMethod codeBase="C:\Users\Lenovo\EscolarWebApi\TopicosCalidad\CasoPrueba-GradosGrupos-ClasesHorarios\bin\Debug\net8.0\GradosGruposClasesHorariosTests.dll" adapterTypeName="executor://xunit/VsTestRunner2/netcoreapp" className="PlataformaEscolar.Tests.GradosGruposClasesHorariosTests" name="CrearGradoGrupo_ReturnsOk" />
    </UnitTest>
    <UnitTest name="PlataformaEscolar.Tests.GradosGruposClasesHorariosTests.ObtenerClasesHorarios_ReturnsOk" storage="c:\users\lenovo\escolarwebapi\topicoscalidad\casoprueba-gradosgrupos-claseshorarios\bin\debug\net8.0\gradosgruposclaseshorariostests.dll" id="fe72bc9c-3450-1875-1d56-dd6a1332aa27">
      <Execution id="65b08ebb-3871-418c-bb87-c2a4bfacbcdd" />
      <TestMethod codeBase="C:\Users\Lenovo\EscolarWebApi\TopicosCalidad\CasoPrueba-GradosGrupos-ClasesHorarios\bin\Debug\net8.0\GradosGruposClasesHorariosTests.dll" adapterTypeName="executor://xunit/VsTestRunner2/netcoreapp" className="PlataformaEscolar.Tests.GradosGruposClasesHorariosTests" name="ObtenerClasesHorarios_ReturnsOk" />
    </UnitTest>
    <UnitTest name="PlataformaEscolar.Tests.GradosGruposClasesHorariosTests.CrearClaseHorario_ReturnsOk" storage="c:\users\lenovo\escolarwebapi\topicoscalidad\casoprueba-gradosgrupos-claseshorarios\bin\debug\net8.0\gradosgruposclaseshorariostests.dll" id="dc644c4a-3b58-14ac-102c-934031a8cf18">
      <Execution id="413e3849-8b7f-4d2c-879a-3e1ff2920a41" />
      <TestMethod codeBase="C:\Users\Lenovo\EscolarWebApi\TopicosCalidad\CasoPrueba-GradosGrupos-ClasesHorarios\bin\Debug\net8.0\GradosGruposClasesHorariosTests.dll" adapterTypeName="executor://xunit/VsTestRunner2/netcoreapp" className="PlataformaEscolar.Tests.GradosGruposClasesHorariosTests" name="CrearClaseHorario_ReturnsOk" />
    </UnitTest>
  </TestDefinitions>
  <TestEntries>
    <TestEntry testId="fe72bc9c-3450-1875-1d56-dd6a1332aa27" executionId="65b08ebb-3871-418c-bb87-c2a4bfacbcdd" testListId="8c84fa94-04c1-424b-9868-57a2d4851a1d" />
    <TestEntry testId="dc644c4a-3b58-14ac-102c-934031a8cf18" executionId="413e3849-8b7f-4d2c-879a-3e1ff2920a41" testListId="8c84fa94-04c1-424b-9868-57a2d4851a1d" />
    <TestEntry testId="4cc28d1d-fc94-d285-f60d-44d21cc28065" executionId="f72702ab-8e45-4840-a0dc-27656dea3b8d" testListId="8c84fa94-04c1-424b-9868-57a2d4851a1d" />
    <TestEntry testId="683bb4c8-f673-c99c-e3fd-94f1a3bbd267" executionId="181394fb-195a-41e4-a9bc-276a5e54c03d" testListId="8c84fa94-04c1-424b-9868-57a2d4851a1d" />
  </TestEntries>
  <TestLists>
    <TestList name="Resultados sin formato de lista" id="8c84fa94-04c1-424b-9868-57a2d4851a1d" />
    <TestList name="Todos los resultados cargados" id="19431567-8539-422a-85d7-44ee4e166bda" />
  </TestLists>
  <ResultSummary outcome="Completed">
    <Counters total="4" executed="4" passed="4" failed="0" error="0" timeout="0" aborted="0" inconclusive="0" passedButRunAborted="0" notRunnable="0" notExecuted="0" disconnected="0" warning="0" completed="0" inProgress="0" pending="0" />
    <Output>
      <StdOut>[xUnit.net 00:00:00.00] xUnit.net VSTest Adapter v2.8.2+699d445a1a (64-bit .NET 8.0.17)&#xD;
[xUnit.net 00:00:00.67]   Discovering: GradosGruposClasesHorariosTests&#xD;
[xUnit.net 00:00:00.75]   Discovered:  GradosGruposClasesHorariosTests&#xD;
[xUnit.net 00:00:00.75]   Starting:    GradosGruposClasesHorariosTests&#xD;
[xUnit.net 00:00:05.75]   Finished:    GradosGruposClasesHorariosTests&#xD;
</StdOut>
    </Output>
  </ResultSummary>
</TestRun>