<?xml version="1.0" encoding="utf-8"?>
<TestRun id="12dcf032-7776-404b-b46a-ad773dffc323" name="Lenovo@DESKTOP-E105SJN 2025-08-05 23:08:02" runUser="DESKTOP-E105SJN\Lenovo" xmlns="http://microsoft.com/schemas/VisualStudio/TeamTest/2010">
  <Times creation="2025-08-05T23:08:02.0255365-06:00" queuing="2025-08-05T23:08:02.0255368-06:00" start="2025-08-05T23:07:56.8099070-06:00" finish="2025-08-05T23:08:07.6945521-06:00" />
  <TestSettings name="default" id="e5a8a760-af4a-412a-a7d0-c40557891527">
    <Deployment runDeploymentRoot="Lenovo_DESKTOP-E105SJN_2025-08-05_23_08_02" />
  </TestSettings>
  <Results>
    <UnitTestResult executionId="fe337f2a-a296-4c2c-b468-028af0d7bf73" testId="c9cec840-2b88-2b4d-3f4f-04825ea77246" testName="PlataformaEscolar.Tests.CalificacionesAlumnosTests.ObtenerListaAlumnos_ReturnsOk" computerName="DESKTOP-E105SJN" duration="00:00:03.3459479" startTime="2025-08-05T23:08:03.8304986-06:00" endTime="2025-08-05T23:08:03.8304989-06:00" testType="13cdc9d9-ddb5-4fa4-a97d-d965ccfc6d4b" outcome="Passed" testListId="8c84fa94-04c1-424b-9868-57a2d4851a1d" relativeResultsDirectory="fe337f2a-a296-4c2c-b468-028af0d7bf73" />
    <UnitTestResult executionId="f11fa108-c4bf-4719-9fa2-6b620999125e" testId="8374eb38-3ece-ecb8-d550-ffa0ac2a7099" testName="PlataformaEscolar.Tests.CalificacionesAlumnosTests.AsignarCalificacion_ReturnsOk" computerName="DESKTOP-E105SJN" duration="00:00:02.6864054" startTime="2025-08-05T23:08:06.5179984-06:00" endTime="2025-08-05T23:08:06.5179987-06:00" testType="13cdc9d9-ddb5-4fa4-a97d-d965ccfc6d4b" outcome="Passed" testListId="8c84fa94-04c1-424b-9868-57a2d4851a1d" relativeResultsDirectory="f11fa108-c4bf-4719-9fa2-6b620999125e" />
    <UnitTestResult executionId="1ac93d65-463e-4e64-9b97-8b7964251d4c" testId="c69ad0d8-f046-5d73-0f30-4b72b2bca785" testName="PlataformaEscolar.Tests.CalificacionesAlumnosTests.ObtenerPerfilAlumno_ReturnsOk" computerName="DESKTOP-E105SJN" duration="00:00:00.0010000" startTime="2025-08-05T23:08:00.4975697-06:00" endTime="2025-08-05T23:08:00.4976152-06:00" testType="13cdc9d9-ddb5-4fa4-a97d-d965ccfc6d4b" outcome="NotExecuted" testListId="8c84fa94-04c1-424b-9868-57a2d4851a1d" relativeResultsDirectory="1ac93d65-463e-4e64-9b97-8b7964251d4c">
      <Output>
        <ErrorInfo>
          <Message>Endpoint en desarrollo - próxima versión</Message>
        </ErrorInfo>
      </Output>
    </UnitTestResult>
    <UnitTestResult executionId="c7f5698b-91a8-497e-a4b5-5d273819add0" testId="6204705b-248b-3452-9651-21d59ec775e0" testName="PlataformaEscolar.Tests.CalificacionesAlumnosTests.ObtenerCalificacionesAlumno_ReturnsOk" computerName="DESKTOP-E105SJN" duration="00:00:01.0609165" startTime="2025-08-05T23:08:07.5790420-06:00" endTime="2025-08-05T23:08:07.5790422-06:00" testType="13cdc9d9-ddb5-4fa4-a97d-d965ccfc6d4b" outcome="Passed" testListId="8c84fa94-04c1-424b-9868-57a2d4851a1d" relativeResultsDirectory="c7f5698b-91a8-497e-a4b5-5d273819add0" />
  </Results>
  <TestDefinitions>
    <UnitTest name="PlataformaEscolar.Tests.CalificacionesAlumnosTests.AsignarCalificacion_ReturnsOk" storage="c:\users\lenovo\escolarwebapi\topicoscalidad\casoprueba-calificaciones-alumnos\bin\debug\net8.0\calificacionesalumnostests.dll" id="8374eb38-3ece-ecb8-d550-ffa0ac2a7099">
      <Execution id="f11fa108-c4bf-4719-9fa2-6b620999125e" />
      <TestMethod codeBase="C:\Users\Lenovo\EscolarWebApi\TopicosCalidad\CasoPrueba-Calificaciones-Alumnos\bin\Debug\net8.0\CalificacionesAlumnosTests.dll" adapterTypeName="executor://xunit/VsTestRunner2/netcoreapp" className="PlataformaEscolar.Tests.CalificacionesAlumnosTests" name="AsignarCalificacion_ReturnsOk" />
    </UnitTest>
    <UnitTest name="PlataformaEscolar.Tests.CalificacionesAlumnosTests.ObtenerCalificacionesAlumno_ReturnsOk" storage="c:\users\lenovo\escolarwebapi\topicoscalidad\casoprueba-calificaciones-alumnos\bin\debug\net8.0\calificacionesalumnostests.dll" id="6204705b-248b-3452-9651-21d59ec775e0">
      <Execution id="c7f5698b-91a8-497e-a4b5-5d273819add0" />
      <TestMethod codeBase="C:\Users\Lenovo\EscolarWebApi\TopicosCalidad\CasoPrueba-Calificaciones-Alumnos\bin\Debug\net8.0\CalificacionesAlumnosTests.dll" adapterTypeName="executor://xunit/VsTestRunner2/netcoreapp" className="PlataformaEscolar.Tests.CalificacionesAlumnosTests" name="ObtenerCalificacionesAlumno_ReturnsOk" />
    </UnitTest>
    <UnitTest name="PlataformaEscolar.Tests.CalificacionesAlumnosTests.ObtenerPerfilAlumno_ReturnsOk" storage="c:\users\lenovo\escolarwebapi\topicoscalidad\casoprueba-calificaciones-alumnos\bin\debug\net8.0\calificacionesalumnostests.dll" id="c69ad0d8-f046-5d73-0f30-4b72b2bca785">
      <Execution id="1ac93d65-463e-4e64-9b97-8b7964251d4c" />
      <TestMethod codeBase="C:\Users\Lenovo\EscolarWebApi\TopicosCalidad\CasoPrueba-Calificaciones-Alumnos\bin\Debug\net8.0\CalificacionesAlumnosTests.dll" adapterTypeName="executor://xunit/VsTestRunner2/netcoreapp" className="PlataformaEscolar.Tests.CalificacionesAlumnosTests" name="ObtenerPerfilAlumno_ReturnsOk" />
    </UnitTest>
    <UnitTest name="PlataformaEscolar.Tests.CalificacionesAlumnosTests.ObtenerListaAlumnos_ReturnsOk" storage="c:\users\lenovo\escolarwebapi\topicoscalidad\casoprueba-calificaciones-alumnos\bin\debug\net8.0\calificacionesalumnostests.dll" id="c9cec840-2b88-2b4d-3f4f-04825ea77246">
      <Execution id="fe337f2a-a296-4c2c-b468-028af0d7bf73" />
      <TestMethod codeBase="C:\Users\Lenovo\EscolarWebApi\TopicosCalidad\CasoPrueba-Calificaciones-Alumnos\bin\Debug\net8.0\CalificacionesAlumnosTests.dll" adapterTypeName="executor://xunit/VsTestRunner2/netcoreapp" className="PlataformaEscolar.Tests.CalificacionesAlumnosTests" name="ObtenerListaAlumnos_ReturnsOk" />
    </UnitTest>
  </TestDefinitions>
  <TestEntries>
    <TestEntry testId="c9cec840-2b88-2b4d-3f4f-04825ea77246" executionId="fe337f2a-a296-4c2c-b468-028af0d7bf73" testListId="8c84fa94-04c1-424b-9868-57a2d4851a1d" />
    <TestEntry testId="8374eb38-3ece-ecb8-d550-ffa0ac2a7099" executionId="f11fa108-c4bf-4719-9fa2-6b620999125e" testListId="8c84fa94-04c1-424b-9868-57a2d4851a1d" />
    <TestEntry testId="c69ad0d8-f046-5d73-0f30-4b72b2bca785" executionId="1ac93d65-463e-4e64-9b97-8b7964251d4c" testListId="8c84fa94-04c1-424b-9868-57a2d4851a1d" />
    <TestEntry testId="6204705b-248b-3452-9651-21d59ec775e0" executionId="c7f5698b-91a8-497e-a4b5-5d273819add0" testListId="8c84fa94-04c1-424b-9868-57a2d4851a1d" />
  </TestEntries>
  <TestLists>
    <TestList name="Resultados sin formato de lista" id="8c84fa94-04c1-424b-9868-57a2d4851a1d" />
    <TestList name="Todos los resultados cargados" id="19431567-8539-422a-85d7-44ee4e166bda" />
  </TestLists>
  <ResultSummary outcome="Completed">
    <Counters total="4" executed="3" passed="3" failed="0" error="0" timeout="0" aborted="0" inconclusive="0" passedButRunAborted="0" notRunnable="0" notExecuted="0" disconnected="0" warning="0" completed="0" inProgress="0" pending="0" />
    <Output>
      <StdOut>[xUnit.net 00:00:00.00] xUnit.net VSTest Adapter v2.8.2+699d445a1a (64-bit .NET 8.0.17)&#xD;
[xUnit.net 00:00:01.77]   Discovering: CalificacionesAlumnosTests&#xD;
[xUnit.net 00:00:01.81]   Discovered:  CalificacionesAlumnosTests&#xD;
[xUnit.net 00:00:01.82]   Starting:    CalificacionesAlumnosTests&#xD;
[xUnit.net 00:00:01.89]       Endpoint en desarrollo - próxima versión&#xD;
Se ha omitido la prueba 'PlataformaEscolar.Tests.CalificacionesAlumnosTests.ObtenerPerfilAlumno_ReturnsOk' en la serie de pruebas.&#xD;
[xUnit.net 00:00:08.99]   Finished:    CalificacionesAlumnosTests&#xD;
</StdOut>
    </Output>
    <RunInfos>
      <RunInfo computerName="DESKTOP-E105SJN" outcome="Warning" timestamp="2025-08-05T23:08:00.5138872-06:00">
        <Text>[xUnit.net 00:00:01.89]     PlataformaEscolar.Tests.CalificacionesAlumnosTests.ObtenerPerfilAlumno_ReturnsOk [SKIP]</Text>
      </RunInfo>
    </RunInfos>
  </ResultSummary>
</TestRun>